Yes
3 1
4 7
5 7
10 3
2 9
8 9
3 8
6 9
7 1
No
Yes
10 9
4 6
5 4
4 9
9 3
9 1
8 4
1 2
7 9
